
> proton@0.0.0 build
> tsc -b && vite build

src/components/ThemeToggle.tsx(1,1): error TS6133: 'React' is declared but its value is never read.
src/pages/Announcements.tsx(4,39): error TS6133: 'DEFAULT_VALUES' is declared but its value is never read.
src/pages/Dashboard.tsx(26,38): error TS2551: Property 'fetchPlacements' does not exist on type '{ fetchPlacementStats(): Promise<Placement | null>; fetchSuccessStories(): Promise<SuccessStory[]>; createSuccessStory(data: any): Promise<...>; }'. Did you mean 'fetchPlacementStats'?
src/pages/Dashboard.tsx(29,45): error TS7006: Parameter 'acc' implicitly has an 'any' type.
src/pages/Dashboard.tsx(29,50): error TS7006: Parameter 'curr' implicitly has an 'any' type.
src/pages/Progress.tsx(1,8): error TS6133: 'React' is declared but its value is never read.
